// Jest Snapshot v1, https://goo.gl/fbAQLP

exports[`EncryptedValue creating from formatted string fail - invalid value for encoding 1`] = `"IV or Encrypted value are empty"`;

exports[`EncryptedValue creating from string fail Invalid base64: dfasdfr342:uuLMhh== 1`] = `"Invalid value for encoding: base64"`;

exports[`EncryptedValue creating from string fail Invalid base64: uuLMhh==:dfasdfr342 1`] = `"Invalid value for encoding: base64"`;

exports[`EncryptedValue creating from string fail Invalid hex: 10:hg 1`] = `"Invalid value for encoding: hex"`;

exports[`EncryptedValue creating from string fail Invalid hex: hg:10 1`] = `"Invalid value for encoding: hex"`;

exports[`EncryptedValue creating from string fail One of value is blank or empty:    :0000 1`] = `"IV or Encrypted value are empty"`;

exports[`EncryptedValue creating from string fail One of value is blank or empty: : 1`] = `"IV or Encrypted value are empty"`;

exports[`EncryptedValue creating from string fail One of value is blank or empty: :0000 1`] = `"IV or Encrypted value are empty"`;

exports[`EncryptedValue creating from string fail One of value is blank or empty: 0000:    1`] = `"IV or Encrypted value are empty"`;

exports[`EncryptedValue creating from string fail One of value is blank or empty: 0000: 1`] = `"IV or Encrypted value are empty"`;

exports[`EncryptedValue creating from string fail malformed 1`] = `"Malformed encrypted string"`;
